--------- beginning of system
--------- beginning of main
03-01 14:22:47.412 13307 13957 D TSLocationManager: [c.t.l.BackgroundGeolocationService onActivityRecognitionResult] still (100%)
03-01 14:22:47.420 13307 13957 D TSLocationManager: [c.t.l.a.BackgroundGeolocation isMainActivityActive] YES
03-01 14:23:48.366 13307 14008 D TSLocationManager: [c.t.l.BackgroundGeolocationService onActivityRecognitionResult] still (85%)
03-01 14:23:48.384 13307 14008 D TSLocationManager: [c.t.l.a.BackgroundGeolocation isMainActivityActive] YES
03-01 14:24:50.629 13307 14069 D TSLocationManager: [c.t.l.BackgroundGeolocationService onActivityRecognitionResult] still (100%)
03-01 14:24:50.637 13307 14069 D TSLocationManager: [c.t.l.a.BackgroundGeolocation isMainActivityActive] YES
03-01 14:25:46.808 13307 13307 I TSLocationManager: - onPause
03-01 14:25:53.338 13307 14134 D TSLocationManager: [c.t.l.BackgroundGeolocationService onActivityRecognitionResult] still (100%)
03-01 14:25:53.351 13307 14134 D TSLocationManager: [c.t.l.a.BackgroundGeolocation isMainActivityActive] YES
03-01 14:26:54.695 13307 14199 D TSLocationManager: [c.t.l.BackgroundGeolocationService onActivityRecognitionResult] still (100%)
03-01 14:26:54.706 13307 14199 D TSLocationManager: [c.t.l.a.BackgroundGeolocation isMainActivityActive] YES
03-01 14:27:56.213 13307 14293 D TSLocationManager: [c.t.l.BackgroundGeolocationService onActivityRecognitionResult] still (100%)
03-01 14:27:56.225 13307 14293 D TSLocationManager: [c.t.l.a.BackgroundGeolocation isMainActivityActive] YES
03-01 14:28:29.344 13307 13307 I TSLocationManager: - onResume
03-01 14:28:30.023 13307 14293 D TSLocationManager: [c.t.l.BackgroundGeolocationService onActivityRecognitionResult] still (72%)
03-01 14:28:30.035 13307 14293 D TSLocationManager: [c.t.l.a.BackgroundGeolocation isMainActivityActive] YES
03-01 14:28:45.725 14485 14485 I TSLocationManager: [c.t.l.BootReceiver onReceive] 
03-01 14:28:45.725 14485 14485 I TSLocationManager: â•”â•â•â•â•â•â•â•â•â•â•â•â•â•â•â•â•â•â•â•â•â•â•â•â•â•â•â•â•â•â•â•â•â•â•â•â•â•â•â•â•â•â•â•â•â•
03-01 14:28:45.725 14485 14485 I TSLocationManager: â•‘ BootReceiver: com.ionicframework.fieldproionic807801
03-01 14:28:45.725 14485 14485 I TSLocationManager: â• â•â•â•â•â•â•â•â•â•â•â•â•â•â•â•â•â•â•â•â•â•â•â•â•â•â•â•â•â•â•â•â•â•â•â•â•â•â•â•â•â•â•â•â•â•
03-01 14:28:45.725 14485 14485 I TSLocationManager: â•Ÿâ”€ android.intent.action.MY_PACKAGE_REPLACED
03-01 14:28:45.749 14485 14485 I TSLocationManager: [c.t.l.a.BackgroundGeolocation <init>] 
03-01 14:28:45.749 14485 14485 I TSLocationManager: â•”â•â•â•â•â•â•â•â•â•â•â•â•â•â•â•â•â•â•â•â•â•â•â•â•â•â•â•â•â•â•â•â•â•â•â•â•â•â•â•â•â•â•â•â•â•
03-01 14:28:45.749 14485 14485 I TSLocationManager: â•‘ BackgroundGeolocation adapter
03-01 14:28:45.749 14485 14485 I TSLocationManager: â• â•â•â•â•â•â•â•â•â•â•â•â•â•â•â•â•â•â•â•â•â•â•â•â•â•â•â•â•â•â•â•â•â•â•â•â•â•â•â•â•â•â•â•â•â•
03-01 14:28:45.755 14485 14485 D TSLocationManager: [c.t.l.settings.Settings load] 
03-01 14:28:45.755 14485 14485 D TSLocationManager:   â„¹ï¸  Settings loaded
03-01 14:28:45.772 14485 14485 D TSLocationManager: [c.t.l.d.s.SQLiteLocationDAO dbh] 
03-01 14:28:45.772 14485 14485 D TSLocationManager:   âœ…  Opened database
03-01 14:28:45.784 14485 14485 D TSLocationManager: [c.t.l.d.s.SQLiteLocationDAO prune] 
03-01 14:28:45.784 14485 14485 D TSLocationManager:   â„¹ï¸  PRUNE -1 days
03-01 14:28:45.802 14485 14485 D TSLocationManager: [c.t.l.data.sqlite.GeofenceDAO dbh] 
03-01 14:28:45.802 14485 14485 D TSLocationManager:   âœ…  Opened database
03-01 14:28:45.812 14485 14485 I TSLocationManager: [c.t.l.a.BackgroundGeolocation <init>] 
03-01 14:28:45.812 14485 14485 I TSLocationManager:   ğŸ”µ  Connecting to GooglePlayServices...
03-01 14:28:45.844 14485 14485 I TSLocationManager: [c.t.l.BackgroundGeolocationService onStartCommand] 
03-01 14:28:45.844 14485 14485 I TSLocationManager: â•”â•â•â•â•â•â•â•â•â•â•â•â•â•â•â•â•â•â•â•â•â•â•â•â•â•â•â•â•â•â•â•â•â•â•â•â•â•â•â•â•â•â•â•â•â•
03-01 14:28:45.844 14485 14485 I TSLocationManager: â•‘ BackgroundGeolocation Service started
03-01 14:28:45.844 14485 14485 I TSLocationManager: â• â•â•â•â•â•â•â•â•â•â•â•â•â•â•â•â•â•â•â•â•â•â•â•â•â•â•â•â•â•â•â•â•â•â•â•â•â•â•â•â•â•â•â•â•â•
03-01 14:28:45.855 14485 14485 I TSLocationManager: [c.t.l.BackgroundGeolocationService onStartCommand] 
03-01 14:28:45.855 14485 14485 I TSLocationManager:   â„¹ï¸  BackgroundGeolocationService waiting for GoogleApiClient to connect
03-01 14:28:45.886 14485 14485 I TSLocationManager: [c.t.l.a.BackgroundGeolocation onConnected] 
03-01 14:28:45.886 14485 14485 I TSLocationManager:   âœ…  Google Play Services: connected (version code:10084000)
03-01 14:28:45.894 14485 14485 I TSLocationManager: [c.t.l.BackgroundGeolocationService onGooglePlayServicesConnected] 
03-01 14:28:45.894 14485 14485 I TSLocationManager:   ğŸ”µ  BackgroundGeolocation service receives play-services connect event
03-01 14:28:45.908 14485 14485 I TSLocationManager: [c.t.l.a.BackgroundGeolocation requestActivityUpdates] 
03-01 14:28:45.908 14485 14485 I TSLocationManager:   ğŸ¾  Start activity updates: 60000
03-01 14:28:45.920 14485 14485 I TSLocationManager: [c.t.l.BackgroundGeolocationService a] 
03-01 14:28:45.920 14485 14485 I TSLocationManager:   ğŸ”µ  setPace: null â†’ false
03-01 14:28:45.993 14485 14643 D TSLocationManager: [c.t.l.LocationService onLocation] 
03-01 14:28:45.993 14485 14643 D TSLocationManager: â•”â•â•â•â•â•â•â•â•â•â•â•â•â•â•â•â•â•â•â•â•â•â•â•â•â•â•â•â•â•â•â•â•â•â•â•â•â•â•â•â•â•â•â•â•â•
03-01 14:28:45.993 14485 14643 D TSLocationManager: â•‘ LocationService: location:1001
03-01 14:28:45.993 14485 14643 D TSLocationManager: â• â•â•â•â•â•â•â•â•â•â•â•â•â•â•â•â•â•â•â•â•â•â•â•â•â•â•â•â•â•â•â•â•â•â•â•â•â•â•â•â•â•â•â•â•â•
03-01 14:28:45.993 14485 14643 D TSLocationManager: â•Ÿâ”€ ğŸ“  Location[fused 30.632679,76.811771 acc=50 et=+14h24m58s892ms]
03-01 14:28:46.006 14485 14643 I TSLocationManager: [c.t.l.l.TSLocationManager onSingleLocationResult] 
03-01 14:28:46.006 14485 14643 I TSLocationManager:   ğŸ”µ  Acquired motionchange position
03-01 14:28:46.018 14485 14643 D TSLocationManager: [c.t.l.l.TSLocationManager calculateMedianAccuracy] 50.0
03-01 14:28:46.054 14485 14645 D TSLocationManager: [c.t.l.BackgroundGeolocationService onActivityRecognitionResult] still (69%)
03-01 14:28:46.072 14485 14646 I TSLocationManager: [c.t.l.d.s.SQLiteLocationDAO persist] 
03-01 14:28:46.072 14485 14646 I TSLocationManager:   âœ…  INSERT: 0f3c495d-ad2c-4bdd-afcf-4c121c761298
03-01 14:28:46.086 14485 14645 D TSLocationManager: [c.t.l.a.BackgroundGeolocation isMainActivityActive] YES
03-01 14:28:47.707 14485 14652 D TSLocationManager: $ addLocationListener()
03-01 14:28:47.710 14485 14652 D TSLocationManager: $ addMotionChangeListener()
03-01 14:28:47.713 14485 14652 D TSLocationManager: $ addActivityChangeListener()
03-01 14:28:47.716 14485 14652 D TSLocationManager: $ configure()
03-01 14:28:47.733 14485 14654 I TSLocationManager: - Enable: true â†’ true
03-01 14:28:47.822 14485 14658 D TSLocationManager: [c.t.l.LocationService onLocation] 
03-01 14:28:47.822 14485 14658 D TSLocationManager: â•”â•â•â•â•â•â•â•â•â•â•â•â•â•â•â•â•â•â•â•â•â•â•â•â•â•â•â•â•â•â•â•â•â•â•â•â•â•â•â•â•â•â•â•â•â•
03-01 14:28:47.822 14485 14658 D TSLocationManager: â•‘ LocationService: location:1002
03-01 14:28:47.822 14485 14658 D TSLocationManager: â• â•â•â•â•â•â•â•â•â•â•â•â•â•â•â•â•â•â•â•â•â•â•â•â•â•â•â•â•â•â•â•â•â•â•â•â•â•â•â•â•â•â•â•â•â•
03-01 14:28:47.822 14485 14658 D TSLocationManager: â•Ÿâ”€ ğŸ“  Location[fused 30.632679,76.811771 acc=50 et=+14h25m0s698ms]
03-01 14:28:47.834 14485 14658 I TSLocationManager: [c.t.l.l.TSLocationManager onSingleLocationResult] 
03-01 14:28:47.834 14485 14658 I TSLocationManager:   ğŸ”µ  Acquired current position
03-01 14:28:47.844 14485 14658 D TSLocationManager: [c.t.l.l.TSLocationManager calculateMedianAccuracy] 50.0
03-01 14:28:47.864 14485 14646 I TSLocationManager: [c.t.l.d.s.SQLiteLocationDAO persist] 
03-01 14:28:47.864 14485 14646 I TSLocationManager:   âœ…  INSERT: 064731d3-6a54-41bd-8022-5e06c25c62c0
03-01 14:28:47.880 14485 14658 D TSLocationManager: [c.t.l.LocationService onLocation] 
03-01 14:28:47.880 14485 14658 D TSLocationManager: â•”â•â•â•â•â•â•â•â•â•â•â•â•â•â•â•â•â•â•â•â•â•â•â•â•â•â•â•â•â•â•â•â•â•â•â•â•â•â•â•â•â•â•â•â•â•
03-01 14:28:47.880 14485 14658 D TSLocationManager: â•‘ LocationService: location:1003
03-01 14:28:47.880 14485 14658 D TSLocationManager: â• â•â•â•â•â•â•â•â•â•â•â•â•â•â•â•â•â•â•â•â•â•â•â•â•â•â•â•â•â•â•â•â•â•â•â•â•â•â•â•â•â•â•â•â•â•
03-01 14:28:47.880 14485 14658 D TSLocationManager: â•Ÿâ”€ ğŸ“  Location[fused 30.632679,76.811771 acc=50 et=+14h25m0s780ms]
03-01 14:28:47.896 14485 14658 I TSLocationManager: [c.t.l.l.TSLocationManager onSingleLocationResult] 
03-01 14:28:47.896 14485 14658 I TSLocationManager:   ğŸ”µ  Acquired providerchange position
03-01 14:28:47.921 14485 14658 D TSLocationManager: [c.t.l.l.TSLocationManager calculateMedianAccuracy] 50.0
03-01 14:28:47.947 14485 14646 I TSLocationManager: [c.t.l.d.s.SQLiteLocationDAO persist] 
03-01 14:28:47.947 14485 14646 I TSLocationManager:   âœ…  INSERT: d7fe11ce-e4ae-4f45-98c9-d3a2eb53d780
03-01 14:28:47.961 14485 14658 D TSLocationManager: [c.t.l.LocationService onLocation] 
03-01 14:28:47.961 14485 14658 D TSLocationManager: â•”â•â•â•â•â•â•â•â•â•â•â•â•â•â•â•â•â•â•â•â•â•â•â•â•â•â•â•â•â•â•â•â•â•â•â•â•â•â•â•â•â•â•â•â•â•
03-01 14:28:47.961 14485 14658 D TSLocationManager: â•‘ LocationService: location:1002
03-01 14:28:47.961 14485 14658 D TSLocationManager: â• â•â•â•â•â•â•â•â•â•â•â•â•â•â•â•â•â•â•â•â•â•â•â•â•â•â•â•â•â•â•â•â•â•â•â•â•â•â•â•â•â•â•â•â•â•
03-01 14:28:47.961 14485 14658 D TSLocationManager: â•Ÿâ”€ ğŸ“  Location[fused 30.632679,76.811771 acc=50 et=+14h25m0s780ms]
03-01 14:28:47.969 14485 14658 W TSLocationManager: [c.t.l.l.TSLocationManager onSingleLocationResult] 
03-01 14:28:47.969 14485 14658 W TSLocationManager:   âš ï¸  Failed to find SingleLocationRequest
03-01 14:29:55.138 14485 14744 D TSLocationManager: [c.t.l.BackgroundGeolocationService onActivityRecognitionResult] still (46%)
03-01 14:29:55.154 14485 14744 D TSLocationManager: [c.t.l.a.BackgroundGeolocation isMainActivityActive] YES
03-01 14:31:57.474 14485 14932 D TSLocationManager: [c.t.l.BackgroundGeolocationService onActivityRecognitionResult] on_foot (31%)
03-01 14:31:57.497 14485 14932 D TSLocationManager: [c.t.l.a.BackgroundGeolocation isMainActivityActive] YES
03-01 14:32:57.968 14485 15106 D TSLocationManager: [c.t.l.BackgroundGeolocationService onActivityRecognitionResult] still (64%)
03-01 14:32:57.984 14485 15106 D TSLocationManager: [c.t.l.a.BackgroundGeolocation isMainActivityActive] YES
03-01 14:34:03.574 14485 15145 D TSLocationManager: [c.t.l.BackgroundGeolocationService onActivityRecognitionResult] still (85%)
03-01 14:34:03.591 14485 15145 D TSLocationManager: [c.t.l.a.BackgroundGeolocation isMainActivityActive] YES
03-01 14:35:05.147 14485 15197 D TSLocationManager: [c.t.l.BackgroundGeolocationService onActivityRecognitionResult] still (100%)
03-01 14:35:05.166 14485 15197 D TSLocationManager: [c.t.l.a.BackgroundGeolocation isMainActivityActive] YES
03-01 14:36:06.213 14485 15253 D TSLocationManager: [c.t.l.BackgroundGeolocationService onActivityRecognitionResult] still (100%)
03-01 14:36:06.229 14485 15253 D TSLocationManager: [c.t.l.a.BackgroundGeolocation isMainActivityActive] YES
03-01 14:36:27.452 14485 14485 I TSLocationManager: - onPause
03-01 14:36:30.680 14485 14485 I TSLocationManager: - onResume
03-01 14:36:30.787 14485 14485 I TSLocationManager: - onPause
03-01 14:36:31.040 14485 15253 D TSLocationManager: [c.t.l.BackgroundGeolocationService onActivityRecognitionResult] still (58%)
03-01 14:36:31.054 14485 15253 D TSLocationManager: [c.t.l.a.BackgroundGeolocation isMainActivityActive] YES
03-01 14:36:31.313 14485 14485 I TSLocationManager: - onResume
03-01 14:36:43.491 14485 15253 D TSLocationManager: [c.t.l.BackgroundGeolocationService onActivityRecognitionResult] still (54%)
03-01 14:36:43.515 14485 15253 D TSLocationManager: [c.t.l.a.BackgroundGeolocation isMainActivityActive] YES
03-01 14:37:47.268 14485 15451 D TSLocationManager: [c.t.l.BackgroundGeolocationService onActivityRecognitionResult] still (100%)
03-01 14:37:47.293 14485 15451 D TSLocationManager: [c.t.l.a.BackgroundGeolocation isMainActivityActive] YES
03-01 14:38:48.509 14485 15563 D TSLocationManager: [c.t.l.BackgroundGeolocationService onActivityRecognitionResult] still (100%)
03-01 14:38:48.524 14485 15563 D TSLocationManager: [c.t.l.a.BackgroundGeolocation isMainActivityActive] YES
03-01 14:39:49.283 14485 15635 D TSLocationManager: [c.t.l.BackgroundGeolocationService onActivityRecognitionResult] still (100%)
03-01 14:39:49.308 14485 15635 D TSLocationManager: [c.t.l.a.BackgroundGeolocation isMainActivityActive] YES
03-01 14:40:32.095 14485 14485 I TSLocationManager: - onPause
